
> nextn@0.1.0 build
> next build

  Γû▓ Next.js 14.2.35

   Creating an optimized production build ...
node.exe : Browserslist: 
caniuse-lite is outdated. Please 
run:
At line:1 char:1
+ & "C:\Program 
Files\nodejs/node.exe" "C:\Program 
Files\nodejs/node_mo ...
+ ~~~~~~~~~~~~~~~~~~~~~~~~~~~~~~~~~~
~~~~~~~~~~~~~~~~~~~~~~~~~~~~~~~~~~~
    + CategoryInfo          : NotSp 
   ecified: (Browserslist: c...ed.  
   Please run::String) [], Remote   
 Exception
    + FullyQualifiedErrorId : Nativ 
   eCommandError
 
  npx update-browserslist-db@latest
  Why you should do it regularly: ht
tps://github.com/browserslist/update
-db#readme
 ΓÜá Compiled with warnings

./node_modules/require-in-the-middle
/index.js
Critical dependency: require 
function is used in a way in which 
dependencies cannot be statically 
extracted

Import trace for requested module:
./node_modules/require-in-the-middle
/index.js
./node_modules/@opentelemetry/instru
mentation/build/esm/platform/node/in
strumentation.js
./node_modules/@opentelemetry/instru
mentation/build/esm/platform/node/in
dex.js
./node_modules/@opentelemetry/instru
mentation/build/esm/platform/index.j
s
./node_modules/@opentelemetry/instru
mentation/build/esm/index.js
./node_modules/@opentelemetry/sdk-no
de/build/src/sdk.js
./node_modules/@opentelemetry/sdk-no
de/build/src/index.js
./node_modules/@genkit-ai/core/lib/t
racing/node-telemetry-provider.js
./node_modules/@genkit-ai/core/lib/n
ode.js
./node_modules/genkit/lib/common.js
./node_modules/genkit/lib/index.mjs
./src/ai/genkit.ts
./src/ai/flows/faq-agent.ts

 Γ£ô Compiled successfully
   Skipping validation of types
   Skipping linting
   Collecting page data ...
   Generating static pages (0/50) ...
   Generating static pages (12/50) 
 Γ¿» useSearchParams() should be 
wrapped in a suspense boundary at 
page "/admin/users". Read more: http
s://nextjs.org/docs/messages/missing
-suspense-with-csr-bailout
    at s (C:\Users\kpyth\Workspace\e
cholive\.next\server\chunks\8999.js:
3:220581)
    at c (C:\Users\kpyth\Workspace\e
cholive\.next\server\chunks\8999.js:
3:231603)
    at b (C:\Users\kpyth\Workspace\e
cholive\.next\server\app\admin\users
\page.js:1:4180)
    at nj (C:\Users\kpyth\Workspace\
echolive\node_modules\next\dist\comp
iled\next-server\app-page.runtime.pr
od.js:12:46252)
    at nM (C:\Users\kpyth\Workspace\
echolive\node_modules\next\dist\comp
iled\next-server\app-page.runtime.pr
od.js:12:47572)
    at nL (C:\Users\kpyth\Workspace\
echolive\node_modules\next\dist\comp
iled\next-server\app-page.runtime.pr
od.js:12:64547)
    at nI (C:\Users\kpyth\Workspace\
echolive\node_modules\next\dist\comp
iled\next-server\app-page.runtime.pr
od.js:12:47011)
    at nM (C:\Users\kpyth\Workspace\
echolive\node_modules\next\dist\comp
iled\next-server\app-page.runtime.pr
od.js:12:47718)
    at nM (C:\Users\kpyth\Workspace\
echolive\node_modules\next\dist\comp
iled\next-server\app-page.runtime.pr
od.js:12:61547)
    at nL (C:\Users\kpyth\Workspace\
echolive\node_modules\next\dist\comp
iled\next-server\app-page.runtime.pr
od.js:12:64547)

Error occurred prerendering page 
"/admin/users". Read more: https://n
extjs.org/docs/messages/prerender-er
ror

   Generating static pages (24/50) 
   Generating static pages (37/50) 
 Γ£ô Generating static pages (50/50)

> Export encountered errors on 
following paths:
	/admin/users/page: /admin/users
